// Jest Snapshot v1, https://goo.gl/fbAQLP

exports[`Reviewer drawer approval rules component renders non-optional rules by default 1`] = `
<tr
  class="gl-bg-subtle gl-border-b-1 gl-border-b-default gl-border-b-solid"
>
  <td
    class="gl-px-5 gl-py-3"
  >
    <span>
      Optional rule
    </span>
  </td>
  <td
    class="gl-px-5 gl-py-3"
  >
    0 of 1
  </td>
  <td
    class="gl-px-5 gl-py-3"
  >
    <div
      class="gl-flex gl-justify-end"
    />
  </td>
</tr>
`;
