// Jest Snapshot v1, https://goo.gl/fbAQLP

exports[`Learn GitLab Initial rendering concerns renders correctly 1`] = `
<div
  data-testid="learn-gitlab-page"
>
  <div
    class="row"
  >
    <div
      class="col-lg-9 col-mb-9 col-sm-12"
    >
      <h1
        class="gl-text-size-h1"
      >
        Learn GitLab
      </h1>
      <p
        class="gl-mb-0 gl-text-subtle"
      >
        Follow these steps to get familiar with the GitLab workflow.
      </p>
    </div>
    <div
      class="gl-h-0 gl-inline-block gl-ml-auto gl-mr-5 gl-mt-6"
      data-testid="progress-bar-block"
    >
      <div
        class="circular-progress-bar"
        style="--gray100: #dcdcde; --logo-url: url(file-mock); --percentage: 23%; --progress-bar-color: #e24329;"
      />
      <div
        class="gl-font-bold gl-mt-5 gl-text-center gl-text-lg"
      >
        10 tasks to go
      </div>
      <div
        class="gl-flex gl-justify-center gl-mt-3"
      >
        <button
          class="btn btn-default btn-default-tertiary btn-md gl-button"
          data-testid="end-tutorial-button"
          type="button"
        >
          <span
            class="gl-button-text"
          >
            End tutorial
          </span>
        </button>
      </div>
    </div>
  </div>
  <div
    class="gl-mt-6"
  >
    <h2
      class="gl-font-bold gl-text-size-h2"
    >
      Get started
    </h2>
  </div>
  <div
    class="row"
  >
    <div
      class="col-lg-4 col-mb-6 col-sm-12 gl-mt-5"
    >
      <div
        class="gl-card gl-h-full gl-pt-0"
      >
        <div
          class="gl-border-0 gl-card-header gl-pb-0"
        >
          <img
            role="presentation"
            src="code.svg"
          />
          <h2
            class="gl-mb-3 gl-text-lg"
          >
            Set up your code
          </h2>
          <p
            class="gl-mb-6 gl-text-subtle"
          >
            Use the built-in editor, WebIDE, or upload code using your preferred method.
          </p>
        </div>
        <div
          class="gl-card-body gl-pt-0"
        >
          <div
            class="gl-mb-2"
          >
            <div
              class="gl-flex gl-items-center"
            >
              <span
                class="gl-text-success"
              >
                <svg
                  aria-hidden="true"
                  class="gl-fill-icon-success gl-icon s16"
                  data-testid="completed-icon"
                  role="img"
                >
                  <use
                    href="file-mock#check-circle-filled"
                  />
                </svg>
                Create a repository
              </span>
            </div>
          </div>
          <div
            class="gl-mb-2"
          >
            <div
              class="gl-flex gl-items-center"
            >
              <span
                class="gl-text-success"
              >
                <svg
                  aria-hidden="true"
                  class="gl-fill-icon-success gl-icon s16"
                  data-testid="completed-icon"
                  role="img"
                >
                  <use
                    href="file-mock#check-circle-filled"
                  />
                </svg>
                Add code
              </span>
            </div>
          </div>
        </div>
      </div>
    </div>
  </div>
  <div
    class="gl-mt-6"
  >
    <h2
      class="gl-font-bold gl-text-size-h2"
    >
      Next steps
    </h2>
  </div>
  <div
    class="row"
  >
    <div
      class="col-lg-4 col-mb-6 col-sm-12 gl-mt-5"
    >
      <div
        class="gl-card gl-h-full gl-pt-0"
      >
        <div
          class="gl-border-0 gl-card-header gl-pb-0"
        >
          <img
            role="presentation"
            src="workspace.svg"
          />
          <h2
            class="gl-mb-3 gl-text-lg"
          >
            Configure your project
          </h2>
          <p
            class="gl-mb-6 gl-text-subtle"
          >
            Complete these tasks first so you can enjoy GitLab's features to their fullest:
          </p>
        </div>
        <div
          class="gl-card-body gl-pt-0"
        >
          <div
            class="gl-mb-2"
          >
            <div
              class="gl-flex gl-items-center"
            >
              <span
                class="gl-text-success"
              >
                <svg
                  aria-hidden="true"
                  class="gl-fill-icon-success gl-icon s16"
                  data-testid="completed-icon"
                  role="img"
                >
                  <use
                    href="file-mock#check-circle-filled"
                  />
                </svg>
                Invite your colleagues
              </span>
            </div>
          </div>
          <div
            class="gl-mb-2"
          >
            <div
              class="gl-flex gl-items-center"
            >
              <div>
                <a
                  class="gl-link"
                  data-testid="uncompleted-learn-gitlab-link"
                  data-track-action="click_link"
                  data-track-label="duo_seat_assigned"
                  href="http://example.com/"
                  target="_self"
                >
                  Assign a GitLab Duo seat to your colleagues
                </a>
              </div>
            </div>
          </div>
          <div
            class="gl-mb-2"
          >
            <div
              class="gl-flex gl-items-center"
            >
              <div>
                <a
                  class="gl-link"
                  data-testid="uncompleted-learn-gitlab-link"
                  data-track-action="click_link"
                  data-track-label="set_up_your_first_project_s_ci_cd"
                  href="http://example.com/"
                  target="_self"
                >
                  Set up your first project's CI/CD
                </a>
              </div>
            </div>
          </div>
          <div
            class="gl-mb-2"
          >
            <div
              class="gl-flex gl-items-center"
            >
              <div>
                <a
                  class="gl-link"
                  data-testid="uncompleted-learn-gitlab-link"
                  data-track-action="click_link"
                  data-track-label="start_a_free_trial_of_gitlab_ultimate"
                  href="http://example.com/"
                  rel="noopener noreferrer"
                  target="_blank"
                >
                  Start a free trial of GitLab Ultimate
                </a>
              </div>
            </div>
          </div>
          <div
            class="gl-mb-2"
          >
            <div
              class="gl-flex gl-items-center"
            >
              <div>
                <a
                  class="gl-link"
                  data-testid="uncompleted-learn-gitlab-link"
                  data-track-action="click_link"
                  data-track-label="add_code_owners"
                  href="http://example.com/"
                  rel="noopener noreferrer"
                  target="_blank"
                >
                  Add code owners
                </a>
                <span
                  class="gl-italic gl-text-subtle"
                  data-testid="trial-only"
                >
                  - Included in trial
                </span>
              </div>
            </div>
          </div>
          <div
            class="gl-mb-2"
          >
            <div
              class="gl-flex gl-items-center"
            >
              <div>
                <a
                  class="gl-link"
                  data-testid="uncompleted-learn-gitlab-link"
                  data-track-action="click_link"
                  data-track-label="enable_require_merge_approvals"
                  href="http://example.com/"
                  rel="noopener noreferrer"
                  target="_blank"
                >
                  Enable require merge approvals
                </a>
                <span
                  class="gl-italic gl-text-subtle"
                  data-testid="trial-only"
                >
                  - Included in trial
                </span>
              </div>
            </div>
          </div>
        </div>
      </div>
    </div>
    <div
      class="col-lg-4 col-mb-6 col-sm-12 gl-mt-5"
    >
      <div
        class="gl-card gl-h-full gl-pt-0"
      >
        <div
          class="gl-border-0 gl-card-header gl-pb-0"
        >
          <img
            role="presentation"
            src="deploy.svg"
          />
          <h2
            class="gl-mb-3 gl-text-lg"
          >
            Secure your deployment
          </h2>
          <p
            class="gl-mb-6 gl-text-subtle"
          >
            Use GitLab to deploy your application, monitor its health, and keep it secure:
          </p>
        </div>
        <div
          class="gl-card-body gl-pt-0"
        >
          <div
            class="gl-mb-2"
          >
            <div
              class="gl-flex gl-items-center"
            >
              <div>
                <a
                  class="gl-link"
                  data-testid="uncompleted-learn-gitlab-link"
                  data-track-action="click_link"
                  data-track-label="scan_dependencies_for_licenses"
                  href="https://docs.gitlab.com/ee/foobar/"
                  rel="noopener noreferrer"
                  target="_blank"
                >
                  Scan dependencies for licenses
                </a>
                <span
                  class="gl-italic gl-text-subtle"
                  data-testid="trial-only"
                >
                  - Included in trial
                </span>
              </div>
            </div>
          </div>
          <div
            class="gl-mb-2"
          >
            <div
              class="gl-flex gl-items-center"
            >
              <div>
                <a
                  class="gl-link"
                  data-testid="uncompleted-learn-gitlab-link"
                  data-track-action="click_link"
                  data-track-label="scan_dependencies_for_vulnerabilities"
                  href="https://docs.gitlab.com/ee/foobar/"
                  rel="noopener noreferrer"
                  target="_blank"
                >
                  Scan dependencies for vulnerabilities
                </a>
                <span
                  class="gl-italic gl-text-subtle"
                  data-testid="trial-only"
                >
                  - Included in trial
                </span>
              </div>
            </div>
          </div>
          <div
            class="gl-mb-2"
          >
            <div
              class="gl-flex gl-items-center"
            >
              <div>
                <a
                  class="gl-link"
                  data-testid="uncompleted-learn-gitlab-link"
                  data-track-action="click_link"
                  data-track-label="analyze_your_application_for_vulnerabilities_with_dast"
                  href="https://docs.gitlab.com/ee/foobar/"
                  rel="noopener noreferrer"
                  target="_blank"
                >
                  Analyze your application for vulnerabilities with DAST
                </a>
                <span
                  class="gl-italic gl-text-subtle"
                  data-testid="trial-only"
                >
                  - Included in trial
                </span>
              </div>
            </div>
          </div>
        </div>
      </div>
    </div>
    <div
      class="col-lg-4 col-mb-6 col-sm-12 gl-mt-5"
    >
      <div
        class="gl-card gl-h-full gl-pt-0"
      >
        <div
          class="gl-border-0 gl-card-header gl-pb-0"
        >
          <img
            role="presentation"
            src="plan.svg"
          />
          <h2
            class="gl-mb-3 gl-text-lg"
          >
            Plan and execute work together
          </h2>
          <p
            class="gl-mb-6 gl-text-subtle"
          >
            Create a workflow, and learn how GitLab features work together:
          </p>
        </div>
        <div
          class="gl-card-body gl-pt-0"
        >
          <div
            class="gl-mb-2"
          >
            <div
              class="gl-flex gl-items-center"
            >
              <div>
                <a
                  class="gl-link"
                  data-testid="uncompleted-learn-gitlab-link"
                  data-track-action="click_link"
                  data-track-label="create_an_issue"
                  href="http://example.com/"
                  target="_self"
                >
                  Create an issue
                </a>
              </div>
            </div>
          </div>
          <div
            class="gl-mb-2"
          >
            <div
              class="gl-flex gl-items-center"
            >
              <div>
                <a
                  class="gl-link"
                  data-testid="uncompleted-learn-gitlab-link"
                  data-track-action="click_link"
                  data-track-label="submit_a_merge_request_mr"
                  href="http://example.com/"
                  target="_self"
                >
                  Submit a merge request (MR)
                </a>
              </div>
            </div>
          </div>
        </div>
      </div>
    </div>
  </div>
</div>
`;
