// Jest Snapshot v1, https://goo.gl/fbAQLP

exports[`deployment_frequency_charts.vue when there are no network errors converts the data from the API into data usable by the chart component 1`] = `
[
  {
    "data": [
      {
        "data": [
          [
            "Jun 27, 2015",
            0,
          ],
          [
            "Jun 28, 2015",
            0,
          ],
          [
            "Jun 29, 2015",
            0,
          ],
          [
            "Jun 30, 2015",
            3,
          ],
          [
            "Jul 01, 2015",
            1,
          ],
          [
            "Jul 02, 2015",
            0,
          ],
          [
            "Jul 03, 2015",
            1,
          ],
        ],
        "name": "Deployment frequency",
      },
      {
        "areaStyle": {
          "opacity": 0,
        },
        "data": [
          [
            "Jun 27, 2015",
            0.7,
          ],
          [
            "Jun 28, 2015",
            0.7,
          ],
          [
            "Jun 29, 2015",
            0.7,
          ],
          [
            "Jun 30, 2015",
            0.7,
          ],
          [
            "Jul 01, 2015",
            0.7,
          ],
          [
            "Jul 02, 2015",
            0.7,
          ],
          [
            "Jul 03, 2015",
            0.7,
          ],
        ],
        "name": "Average (last 7d)",
      },
    ],
    "endDate": 2015-07-04T00:00:00.000Z,
    "id": "LAST_WEEK",
    "range": "Jun 27, 2015 - Jul 03, 2015",
    "requestParams": {
      "end_date": "2015-07-04T00:00:00+0000",
      "interval": "daily",
      "per_page": 100,
      "start_date": "2015-06-27T00:00:00+0000",
    },
    "startDate": 2015-06-27T00:00:00.000Z,
    "title": "Last week",
  },
  {
    "data": [
      {
        "data": [
          [
            "Jun 04, 2015",
            0,
          ],
          [
            "Jun 05, 2015",
            0,
          ],
          [
            "Jun 06, 2015",
            0,
          ],
          [
            "Jun 07, 2015",
            0,
          ],
          [
            "Jun 08, 2015",
            0,
          ],
          [
            "Jun 09, 2015",
            0,
          ],
          [
            "Jun 10, 2015",
            0,
          ],
          [
            "Jun 11, 2015",
            0,
          ],
          [
            "Jun 12, 2015",
            0,
          ],
          [
            "Jun 13, 2015",
            0,
          ],
          [
            "Jun 14, 2015",
            0,
          ],
          [
            "Jun 15, 2015",
            0,
          ],
          [
            "Jun 16, 2015",
            0,
          ],
          [
            "Jun 17, 2015",
            0,
          ],
          [
            "Jun 18, 2015",
            0,
          ],
          [
            "Jun 19, 2015",
            0,
          ],
          [
            "Jun 20, 2015",
            0,
          ],
          [
            "Jun 21, 2015",
            0,
          ],
          [
            "Jun 22, 2015",
            0,
          ],
          [
            "Jun 23, 2015",
            0,
          ],
          [
            "Jun 24, 2015",
            0,
          ],
          [
            "Jun 25, 2015",
            1,
          ],
          [
            "Jun 26, 2015",
            0,
          ],
          [
            "Jun 27, 2015",
            0,
          ],
          [
            "Jun 28, 2015",
            0,
          ],
          [
            "Jun 29, 2015",
            0,
          ],
          [
            "Jun 30, 2015",
            3,
          ],
          [
            "Jul 01, 2015",
            1,
          ],
          [
            "Jul 02, 2015",
            0,
          ],
          [
            "Jul 03, 2015",
            1,
          ],
        ],
        "name": "Deployment frequency",
      },
      {
        "areaStyle": {
          "opacity": 0,
        },
        "data": [
          [
            "Jun 04, 2015",
            0.2,
          ],
          [
            "Jun 05, 2015",
            0.2,
          ],
          [
            "Jun 06, 2015",
            0.2,
          ],
          [
            "Jun 07, 2015",
            0.2,
          ],
          [
            "Jun 08, 2015",
            0.2,
          ],
          [
            "Jun 09, 2015",
            0.2,
          ],
          [
            "Jun 10, 2015",
            0.2,
          ],
          [
            "Jun 11, 2015",
            0.2,
          ],
          [
            "Jun 12, 2015",
            0.2,
          ],
          [
            "Jun 13, 2015",
            0.2,
          ],
          [
            "Jun 14, 2015",
            0.2,
          ],
          [
            "Jun 15, 2015",
            0.2,
          ],
          [
            "Jun 16, 2015",
            0.2,
          ],
          [
            "Jun 17, 2015",
            0.2,
          ],
          [
            "Jun 18, 2015",
            0.2,
          ],
          [
            "Jun 19, 2015",
            0.2,
          ],
          [
            "Jun 20, 2015",
            0.2,
          ],
          [
            "Jun 21, 2015",
            0.2,
          ],
          [
            "Jun 22, 2015",
            0.2,
          ],
          [
            "Jun 23, 2015",
            0.2,
          ],
          [
            "Jun 24, 2015",
            0.2,
          ],
          [
            "Jun 25, 2015",
            0.2,
          ],
          [
            "Jun 26, 2015",
            0.2,
          ],
          [
            "Jun 27, 2015",
            0.2,
          ],
          [
            "Jun 28, 2015",
            0.2,
          ],
          [
            "Jun 29, 2015",
            0.2,
          ],
          [
            "Jun 30, 2015",
            0.2,
          ],
          [
            "Jul 01, 2015",
            0.2,
          ],
          [
            "Jul 02, 2015",
            0.2,
          ],
          [
            "Jul 03, 2015",
            0.2,
          ],
        ],
        "name": "Average (last 30d)",
      },
    ],
    "endDate": 2015-07-04T00:00:00.000Z,
    "id": "LAST_MONTH",
    "range": "Jun 04, 2015 - Jul 03, 2015",
    "requestParams": {
      "end_date": "2015-07-04T00:00:00+0000",
      "interval": "daily",
      "per_page": 100,
      "start_date": "2015-06-04T00:00:00+0000",
    },
    "startDate": 2015-06-04T00:00:00.000Z,
    "title": "Last month",
  },
  {
    "data": [
      {
        "data": [
          [
            "Apr 05, 2015",
            0,
          ],
          [
            "Apr 06, 2015",
            0,
          ],
          [
            "Apr 07, 2015",
            0,
          ],
          [
            "Apr 08, 2015",
            0,
          ],
          [
            "Apr 09, 2015",
            0,
          ],
          [
            "Apr 10, 2015",
            0,
          ],
          [
            "Apr 11, 2015",
            0,
          ],
          [
            "Apr 12, 2015",
            0,
          ],
          [
            "Apr 13, 2015",
            0,
          ],
          [
            "Apr 14, 2015",
            0,
          ],
          [
            "Apr 15, 2015",
            0,
          ],
          [
            "Apr 16, 2015",
            0,
          ],
          [
            "Apr 17, 2015",
            0,
          ],
          [
            "Apr 18, 2015",
            0,
          ],
          [
            "Apr 19, 2015",
            0,
          ],
          [
            "Apr 20, 2015",
            0,
          ],
          [
            "Apr 21, 2015",
            0,
          ],
          [
            "Apr 22, 2015",
            0,
          ],
          [
            "Apr 23, 2015",
            0,
          ],
          [
            "Apr 24, 2015",
            0,
          ],
          [
            "Apr 25, 2015",
            0,
          ],
          [
            "Apr 26, 2015",
            0,
          ],
          [
            "Apr 27, 2015",
            0,
          ],
          [
            "Apr 28, 2015",
            0,
          ],
          [
            "Apr 29, 2015",
            0,
          ],
          [
            "Apr 30, 2015",
            0,
          ],
          [
            "May 01, 2015",
            0,
          ],
          [
            "May 02, 2015",
            0,
          ],
          [
            "May 03, 2015",
            0,
          ],
          [
            "May 04, 2015",
            0,
          ],
          [
            "May 05, 2015",
            0,
          ],
          [
            "May 06, 2015",
            0,
          ],
          [
            "May 07, 2015",
            0,
          ],
          [
            "May 08, 2015",
            0,
          ],
          [
            "May 09, 2015",
            0,
          ],
          [
            "May 10, 2015",
            0,
          ],
          [
            "May 11, 2015",
            0,
          ],
          [
            "May 12, 2015",
            0,
          ],
          [
            "May 13, 2015",
            0,
          ],
          [
            "May 14, 2015",
            0,
          ],
          [
            "May 15, 2015",
            0,
          ],
          [
            "May 16, 2015",
            0,
          ],
          [
            "May 17, 2015",
            0,
          ],
          [
            "May 18, 2015",
            0,
          ],
          [
            "May 19, 2015",
            0,
          ],
          [
            "May 20, 2015",
            0,
          ],
          [
            "May 21, 2015",
            0,
          ],
          [
            "May 22, 2015",
            0,
          ],
          [
            "May 23, 2015",
            0,
          ],
          [
            "May 24, 2015",
            0,
          ],
          [
            "May 25, 2015",
            0,
          ],
          [
            "May 26, 2015",
            0,
          ],
          [
            "May 27, 2015",
            0,
          ],
          [
            "May 28, 2015",
            0,
          ],
          [
            "May 29, 2015",
            0,
          ],
          [
            "May 30, 2015",
            0,
          ],
          [
            "May 31, 2015",
            0,
          ],
          [
            "Jun 01, 2015",
            1,
          ],
          [
            "Jun 02, 2015",
            0,
          ],
          [
            "Jun 03, 2015",
            0,
          ],
          [
            "Jun 04, 2015",
            0,
          ],
          [
            "Jun 05, 2015",
            0,
          ],
          [
            "Jun 06, 2015",
            0,
          ],
          [
            "Jun 07, 2015",
            0,
          ],
          [
            "Jun 08, 2015",
            0,
          ],
          [
            "Jun 09, 2015",
            0,
          ],
          [
            "Jun 10, 2015",
            0,
          ],
          [
            "Jun 11, 2015",
            0,
          ],
          [
            "Jun 12, 2015",
            0,
          ],
          [
            "Jun 13, 2015",
            0,
          ],
          [
            "Jun 14, 2015",
            0,
          ],
          [
            "Jun 15, 2015",
            0,
          ],
          [
            "Jun 16, 2015",
            0,
          ],
          [
            "Jun 17, 2015",
            0,
          ],
          [
            "Jun 18, 2015",
            0,
          ],
          [
            "Jun 19, 2015",
            0,
          ],
          [
            "Jun 20, 2015",
            0,
          ],
          [
            "Jun 21, 2015",
            0,
          ],
          [
            "Jun 22, 2015",
            0,
          ],
          [
            "Jun 23, 2015",
            0,
          ],
          [
            "Jun 24, 2015",
            0,
          ],
          [
            "Jun 25, 2015",
            1,
          ],
          [
            "Jun 26, 2015",
            0,
          ],
          [
            "Jun 27, 2015",
            0,
          ],
          [
            "Jun 28, 2015",
            0,
          ],
          [
            "Jun 29, 2015",
            0,
          ],
          [
            "Jun 30, 2015",
            3,
          ],
          [
            "Jul 01, 2015",
            1,
          ],
          [
            "Jul 02, 2015",
            0,
          ],
          [
            "Jul 03, 2015",
            1,
          ],
        ],
        "name": "Deployment frequency",
      },
      {
        "areaStyle": {
          "opacity": 0,
        },
        "data": [
          [
            "Apr 05, 2015",
            0.1,
          ],
          [
            "Apr 06, 2015",
            0.1,
          ],
          [
            "Apr 07, 2015",
            0.1,
          ],
          [
            "Apr 08, 2015",
            0.1,
          ],
          [
            "Apr 09, 2015",
            0.1,
          ],
          [
            "Apr 10, 2015",
            0.1,
          ],
          [
            "Apr 11, 2015",
            0.1,
          ],
          [
            "Apr 12, 2015",
            0.1,
          ],
          [
            "Apr 13, 2015",
            0.1,
          ],
          [
            "Apr 14, 2015",
            0.1,
          ],
          [
            "Apr 15, 2015",
            0.1,
          ],
          [
            "Apr 16, 2015",
            0.1,
          ],
          [
            "Apr 17, 2015",
            0.1,
          ],
          [
            "Apr 18, 2015",
            0.1,
          ],
          [
            "Apr 19, 2015",
            0.1,
          ],
          [
            "Apr 20, 2015",
            0.1,
          ],
          [
            "Apr 21, 2015",
            0.1,
          ],
          [
            "Apr 22, 2015",
            0.1,
          ],
          [
            "Apr 23, 2015",
            0.1,
          ],
          [
            "Apr 24, 2015",
            0.1,
          ],
          [
            "Apr 25, 2015",
            0.1,
          ],
          [
            "Apr 26, 2015",
            0.1,
          ],
          [
            "Apr 27, 2015",
            0.1,
          ],
          [
            "Apr 28, 2015",
            0.1,
          ],
          [
            "Apr 29, 2015",
            0.1,
          ],
          [
            "Apr 30, 2015",
            0.1,
          ],
          [
            "May 01, 2015",
            0.1,
          ],
          [
            "May 02, 2015",
            0.1,
          ],
          [
            "May 03, 2015",
            0.1,
          ],
          [
            "May 04, 2015",
            0.1,
          ],
          [
            "May 05, 2015",
            0.1,
          ],
          [
            "May 06, 2015",
            0.1,
          ],
          [
            "May 07, 2015",
            0.1,
          ],
          [
            "May 08, 2015",
            0.1,
          ],
          [
            "May 09, 2015",
            0.1,
          ],
          [
            "May 10, 2015",
            0.1,
          ],
          [
            "May 11, 2015",
            0.1,
          ],
          [
            "May 12, 2015",
            0.1,
          ],
          [
            "May 13, 2015",
            0.1,
          ],
          [
            "May 14, 2015",
            0.1,
          ],
          [
            "May 15, 2015",
            0.1,
          ],
          [
            "May 16, 2015",
            0.1,
          ],
          [
            "May 17, 2015",
            0.1,
          ],
          [
            "May 18, 2015",
            0.1,
          ],
          [
            "May 19, 2015",
            0.1,
          ],
          [
            "May 20, 2015",
            0.1,
          ],
          [
            "May 21, 2015",
            0.1,
          ],
          [
            "May 22, 2015",
            0.1,
          ],
          [
            "May 23, 2015",
            0.1,
          ],
          [
            "May 24, 2015",
            0.1,
          ],
          [
            "May 25, 2015",
            0.1,
          ],
          [
            "May 26, 2015",
            0.1,
          ],
          [
            "May 27, 2015",
            0.1,
          ],
          [
            "May 28, 2015",
            0.1,
          ],
          [
            "May 29, 2015",
            0.1,
          ],
          [
            "May 30, 2015",
            0.1,
          ],
          [
            "May 31, 2015",
            0.1,
          ],
          [
            "Jun 01, 2015",
            0.1,
          ],
          [
            "Jun 02, 2015",
            0.1,
          ],
          [
            "Jun 03, 2015",
            0.1,
          ],
          [
            "Jun 04, 2015",
            0.1,
          ],
          [
            "Jun 05, 2015",
            0.1,
          ],
          [
            "Jun 06, 2015",
            0.1,
          ],
          [
            "Jun 07, 2015",
            0.1,
          ],
          [
            "Jun 08, 2015",
            0.1,
          ],
          [
            "Jun 09, 2015",
            0.1,
          ],
          [
            "Jun 10, 2015",
            0.1,
          ],
          [
            "Jun 11, 2015",
            0.1,
          ],
          [
            "Jun 12, 2015",
            0.1,
          ],
          [
            "Jun 13, 2015",
            0.1,
          ],
          [
            "Jun 14, 2015",
            0.1,
          ],
          [
            "Jun 15, 2015",
            0.1,
          ],
          [
            "Jun 16, 2015",
            0.1,
          ],
          [
            "Jun 17, 2015",
            0.1,
          ],
          [
            "Jun 18, 2015",
            0.1,
          ],
          [
            "Jun 19, 2015",
            0.1,
          ],
          [
            "Jun 20, 2015",
            0.1,
          ],
          [
            "Jun 21, 2015",
            0.1,
          ],
          [
            "Jun 22, 2015",
            0.1,
          ],
          [
            "Jun 23, 2015",
            0.1,
          ],
          [
            "Jun 24, 2015",
            0.1,
          ],
          [
            "Jun 25, 2015",
            0.1,
          ],
          [
            "Jun 26, 2015",
            0.1,
          ],
          [
            "Jun 27, 2015",
            0.1,
          ],
          [
            "Jun 28, 2015",
            0.1,
          ],
          [
            "Jun 29, 2015",
            0.1,
          ],
          [
            "Jun 30, 2015",
            0.1,
          ],
          [
            "Jul 01, 2015",
            0.1,
          ],
          [
            "Jul 02, 2015",
            0.1,
          ],
          [
            "Jul 03, 2015",
            0.1,
          ],
        ],
        "name": "Average (last 90d)",
      },
    ],
    "endDate": 2015-07-04T00:00:00.000Z,
    "id": "LAST_90_DAYS",
    "range": "Apr 05, 2015 - Jul 03, 2015",
    "requestParams": {
      "end_date": "2015-07-04T00:00:00+0000",
      "interval": "daily",
      "per_page": 100,
      "start_date": "2015-04-05T00:00:00+0000",
    },
    "startDate": 2015-04-05T00:00:00.000Z,
    "title": "Last 90 days",
  },
  {
    "data": [
      {
        "data": [
          [
            "Jan 05, 2015",
            0,
          ],
          [
            "Jan 06, 2015",
            0,
          ],
          [
            "Jan 07, 2015",
            0,
          ],
          [
            "Jan 08, 2015",
            0,
          ],
          [
            "Jan 09, 2015",
            0,
          ],
          [
            "Jan 10, 2015",
            0,
          ],
          [
            "Jan 11, 2015",
            0,
          ],
          [
            "Jan 12, 2015",
            0,
          ],
          [
            "Jan 13, 2015",
            0,
          ],
          [
            "Jan 14, 2015",
            0,
          ],
          [
            "Jan 15, 2015",
            0,
          ],
          [
            "Jan 16, 2015",
            0,
          ],
          [
            "Jan 17, 2015",
            0,
          ],
          [
            "Jan 18, 2015",
            0,
          ],
          [
            "Jan 19, 2015",
            0,
          ],
          [
            "Jan 20, 2015",
            0,
          ],
          [
            "Jan 21, 2015",
            0,
          ],
          [
            "Jan 22, 2015",
            0,
          ],
          [
            "Jan 23, 2015",
            0,
          ],
          [
            "Jan 24, 2015",
            0,
          ],
          [
            "Jan 25, 2015",
            0,
          ],
          [
            "Jan 26, 2015",
            0,
          ],
          [
            "Jan 27, 2015",
            0,
          ],
          [
            "Jan 28, 2015",
            0,
          ],
          [
            "Jan 29, 2015",
            0,
          ],
          [
            "Jan 30, 2015",
            0,
          ],
          [
            "Jan 31, 2015",
            0,
          ],
          [
            "Feb 01, 2015",
            0,
          ],
          [
            "Feb 02, 2015",
            0,
          ],
          [
            "Feb 03, 2015",
            0,
          ],
          [
            "Feb 04, 2015",
            0,
          ],
          [
            "Feb 05, 2015",
            0,
          ],
          [
            "Feb 06, 2015",
            0,
          ],
          [
            "Feb 07, 2015",
            0,
          ],
          [
            "Feb 08, 2015",
            0,
          ],
          [
            "Feb 09, 2015",
            0,
          ],
          [
            "Feb 10, 2015",
            0,
          ],
          [
            "Feb 11, 2015",
            0,
          ],
          [
            "Feb 12, 2015",
            0,
          ],
          [
            "Feb 13, 2015",
            0,
          ],
          [
            "Feb 14, 2015",
            0,
          ],
          [
            "Feb 15, 2015",
            0,
          ],
          [
            "Feb 16, 2015",
            0,
          ],
          [
            "Feb 17, 2015",
            0,
          ],
          [
            "Feb 18, 2015",
            0,
          ],
          [
            "Feb 19, 2015",
            0,
          ],
          [
            "Feb 20, 2015",
            0,
          ],
          [
            "Feb 21, 2015",
            0,
          ],
          [
            "Feb 22, 2015",
            0,
          ],
          [
            "Feb 23, 2015",
            0,
          ],
          [
            "Feb 24, 2015",
            0,
          ],
          [
            "Feb 25, 2015",
            0,
          ],
          [
            "Feb 26, 2015",
            0,
          ],
          [
            "Feb 27, 2015",
            0,
          ],
          [
            "Feb 28, 2015",
            0,
          ],
          [
            "Mar 01, 2015",
            0,
          ],
          [
            "Mar 02, 2015",
            0,
          ],
          [
            "Mar 03, 2015",
            0,
          ],
          [
            "Mar 04, 2015",
            0,
          ],
          [
            "Mar 05, 2015",
            0,
          ],
          [
            "Mar 06, 2015",
            0,
          ],
          [
            "Mar 07, 2015",
            0,
          ],
          [
            "Mar 08, 2015",
            0,
          ],
          [
            "Mar 09, 2015",
            0,
          ],
          [
            "Mar 10, 2015",
            0,
          ],
          [
            "Mar 11, 2015",
            0,
          ],
          [
            "Mar 12, 2015",
            0,
          ],
          [
            "Mar 13, 2015",
            0,
          ],
          [
            "Mar 14, 2015",
            0,
          ],
          [
            "Mar 15, 2015",
            0,
          ],
          [
            "Mar 16, 2015",
            0,
          ],
          [
            "Mar 17, 2015",
            0,
          ],
          [
            "Mar 18, 2015",
            0,
          ],
          [
            "Mar 19, 2015",
            0,
          ],
          [
            "Mar 20, 2015",
            0,
          ],
          [
            "Mar 21, 2015",
            0,
          ],
          [
            "Mar 22, 2015",
            0,
          ],
          [
            "Mar 23, 2015",
            0,
          ],
          [
            "Mar 24, 2015",
            0,
          ],
          [
            "Mar 25, 2015",
            0,
          ],
          [
            "Mar 26, 2015",
            0,
          ],
          [
            "Mar 27, 2015",
            0,
          ],
          [
            "Mar 28, 2015",
            0,
          ],
          [
            "Mar 29, 2015",
            0,
          ],
          [
            "Mar 30, 2015",
            0,
          ],
          [
            "Mar 31, 2015",
            0,
          ],
          [
            "Apr 01, 2015",
            0,
          ],
          [
            "Apr 02, 2015",
            0,
          ],
          [
            "Apr 03, 2015",
            0,
          ],
          [
            "Apr 04, 2015",
            0,
          ],
          [
            "Apr 05, 2015",
            0,
          ],
          [
            "Apr 06, 2015",
            0,
          ],
          [
            "Apr 07, 2015",
            0,
          ],
          [
            "Apr 08, 2015",
            0,
          ],
          [
            "Apr 09, 2015",
            0,
          ],
          [
            "Apr 10, 2015",
            0,
          ],
          [
            "Apr 11, 2015",
            0,
          ],
          [
            "Apr 12, 2015",
            0,
          ],
          [
            "Apr 13, 2015",
            0,
          ],
          [
            "Apr 14, 2015",
            0,
          ],
          [
            "Apr 15, 2015",
            0,
          ],
          [
            "Apr 16, 2015",
            0,
          ],
          [
            "Apr 17, 2015",
            0,
          ],
          [
            "Apr 18, 2015",
            0,
          ],
          [
            "Apr 19, 2015",
            0,
          ],
          [
            "Apr 20, 2015",
            0,
          ],
          [
            "Apr 21, 2015",
            0,
          ],
          [
            "Apr 22, 2015",
            0,
          ],
          [
            "Apr 23, 2015",
            0,
          ],
          [
            "Apr 24, 2015",
            0,
          ],
          [
            "Apr 25, 2015",
            0,
          ],
          [
            "Apr 26, 2015",
            0,
          ],
          [
            "Apr 27, 2015",
            0,
          ],
          [
            "Apr 28, 2015",
            0,
          ],
          [
            "Apr 29, 2015",
            0,
          ],
          [
            "Apr 30, 2015",
            0,
          ],
          [
            "May 01, 2015",
            0,
          ],
          [
            "May 02, 2015",
            0,
          ],
          [
            "May 03, 2015",
            0,
          ],
          [
            "May 04, 2015",
            0,
          ],
          [
            "May 05, 2015",
            0,
          ],
          [
            "May 06, 2015",
            0,
          ],
          [
            "May 07, 2015",
            0,
          ],
          [
            "May 08, 2015",
            0,
          ],
          [
            "May 09, 2015",
            0,
          ],
          [
            "May 10, 2015",
            0,
          ],
          [
            "May 11, 2015",
            0,
          ],
          [
            "May 12, 2015",
            0,
          ],
          [
            "May 13, 2015",
            0,
          ],
          [
            "May 14, 2015",
            0,
          ],
          [
            "May 15, 2015",
            0,
          ],
          [
            "May 16, 2015",
            0,
          ],
          [
            "May 17, 2015",
            0,
          ],
          [
            "May 18, 2015",
            0,
          ],
          [
            "May 19, 2015",
            0,
          ],
          [
            "May 20, 2015",
            0,
          ],
          [
            "May 21, 2015",
            0,
          ],
          [
            "May 22, 2015",
            0,
          ],
          [
            "May 23, 2015",
            0,
          ],
          [
            "May 24, 2015",
            0,
          ],
          [
            "May 25, 2015",
            0,
          ],
          [
            "May 26, 2015",
            0,
          ],
          [
            "May 27, 2015",
            0,
          ],
          [
            "May 28, 2015",
            0,
          ],
          [
            "May 29, 2015",
            0,
          ],
          [
            "May 30, 2015",
            0,
          ],
          [
            "May 31, 2015",
            0,
          ],
          [
            "Jun 01, 2015",
            1,
          ],
          [
            "Jun 02, 2015",
            0,
          ],
          [
            "Jun 03, 2015",
            0,
          ],
          [
            "Jun 04, 2015",
            0,
          ],
          [
            "Jun 05, 2015",
            0,
          ],
          [
            "Jun 06, 2015",
            0,
          ],
          [
            "Jun 07, 2015",
            0,
          ],
          [
            "Jun 08, 2015",
            0,
          ],
          [
            "Jun 09, 2015",
            0,
          ],
          [
            "Jun 10, 2015",
            0,
          ],
          [
            "Jun 11, 2015",
            0,
          ],
          [
            "Jun 12, 2015",
            0,
          ],
          [
            "Jun 13, 2015",
            0,
          ],
          [
            "Jun 14, 2015",
            0,
          ],
          [
            "Jun 15, 2015",
            0,
          ],
          [
            "Jun 16, 2015",
            0,
          ],
          [
            "Jun 17, 2015",
            0,
          ],
          [
            "Jun 18, 2015",
            0,
          ],
          [
            "Jun 19, 2015",
            0,
          ],
          [
            "Jun 20, 2015",
            0,
          ],
          [
            "Jun 21, 2015",
            0,
          ],
          [
            "Jun 22, 2015",
            0,
          ],
          [
            "Jun 23, 2015",
            0,
          ],
          [
            "Jun 24, 2015",
            0,
          ],
          [
            "Jun 25, 2015",
            1,
          ],
          [
            "Jun 26, 2015",
            0,
          ],
          [
            "Jun 27, 2015",
            0,
          ],
          [
            "Jun 28, 2015",
            0,
          ],
          [
            "Jun 29, 2015",
            0,
          ],
          [
            "Jun 30, 2015",
            3,
          ],
          [
            "Jul 01, 2015",
            1,
          ],
          [
            "Jul 02, 2015",
            0,
          ],
          [
            "Jul 03, 2015",
            1,
          ],
        ],
        "name": "Deployment frequency",
      },
      {
        "areaStyle": {
          "opacity": 0,
        },
        "data": [
          [
            "Jan 05, 2015",
            0,
          ],
          [
            "Jan 06, 2015",
            0,
          ],
          [
            "Jan 07, 2015",
            0,
          ],
          [
            "Jan 08, 2015",
            0,
          ],
          [
            "Jan 09, 2015",
            0,
          ],
          [
            "Jan 10, 2015",
            0,
          ],
          [
            "Jan 11, 2015",
            0,
          ],
          [
            "Jan 12, 2015",
            0,
          ],
          [
            "Jan 13, 2015",
            0,
          ],
          [
            "Jan 14, 2015",
            0,
          ],
          [
            "Jan 15, 2015",
            0,
          ],
          [
            "Jan 16, 2015",
            0,
          ],
          [
            "Jan 17, 2015",
            0,
          ],
          [
            "Jan 18, 2015",
            0,
          ],
          [
            "Jan 19, 2015",
            0,
          ],
          [
            "Jan 20, 2015",
            0,
          ],
          [
            "Jan 21, 2015",
            0,
          ],
          [
            "Jan 22, 2015",
            0,
          ],
          [
            "Jan 23, 2015",
            0,
          ],
          [
            "Jan 24, 2015",
            0,
          ],
          [
            "Jan 25, 2015",
            0,
          ],
          [
            "Jan 26, 2015",
            0,
          ],
          [
            "Jan 27, 2015",
            0,
          ],
          [
            "Jan 28, 2015",
            0,
          ],
          [
            "Jan 29, 2015",
            0,
          ],
          [
            "Jan 30, 2015",
            0,
          ],
          [
            "Jan 31, 2015",
            0,
          ],
          [
            "Feb 01, 2015",
            0,
          ],
          [
            "Feb 02, 2015",
            0,
          ],
          [
            "Feb 03, 2015",
            0,
          ],
          [
            "Feb 04, 2015",
            0,
          ],
          [
            "Feb 05, 2015",
            0,
          ],
          [
            "Feb 06, 2015",
            0,
          ],
          [
            "Feb 07, 2015",
            0,
          ],
          [
            "Feb 08, 2015",
            0,
          ],
          [
            "Feb 09, 2015",
            0,
          ],
          [
            "Feb 10, 2015",
            0,
          ],
          [
            "Feb 11, 2015",
            0,
          ],
          [
            "Feb 12, 2015",
            0,
          ],
          [
            "Feb 13, 2015",
            0,
          ],
          [
            "Feb 14, 2015",
            0,
          ],
          [
            "Feb 15, 2015",
            0,
          ],
          [
            "Feb 16, 2015",
            0,
          ],
          [
            "Feb 17, 2015",
            0,
          ],
          [
            "Feb 18, 2015",
            0,
          ],
          [
            "Feb 19, 2015",
            0,
          ],
          [
            "Feb 20, 2015",
            0,
          ],
          [
            "Feb 21, 2015",
            0,
          ],
          [
            "Feb 22, 2015",
            0,
          ],
          [
            "Feb 23, 2015",
            0,
          ],
          [
            "Feb 24, 2015",
            0,
          ],
          [
            "Feb 25, 2015",
            0,
          ],
          [
            "Feb 26, 2015",
            0,
          ],
          [
            "Feb 27, 2015",
            0,
          ],
          [
            "Feb 28, 2015",
            0,
          ],
          [
            "Mar 01, 2015",
            0,
          ],
          [
            "Mar 02, 2015",
            0,
          ],
          [
            "Mar 03, 2015",
            0,
          ],
          [
            "Mar 04, 2015",
            0,
          ],
          [
            "Mar 05, 2015",
            0,
          ],
          [
            "Mar 06, 2015",
            0,
          ],
          [
            "Mar 07, 2015",
            0,
          ],
          [
            "Mar 08, 2015",
            0,
          ],
          [
            "Mar 09, 2015",
            0,
          ],
          [
            "Mar 10, 2015",
            0,
          ],
          [
            "Mar 11, 2015",
            0,
          ],
          [
            "Mar 12, 2015",
            0,
          ],
          [
            "Mar 13, 2015",
            0,
          ],
          [
            "Mar 14, 2015",
            0,
          ],
          [
            "Mar 15, 2015",
            0,
          ],
          [
            "Mar 16, 2015",
            0,
          ],
          [
            "Mar 17, 2015",
            0,
          ],
          [
            "Mar 18, 2015",
            0,
          ],
          [
            "Mar 19, 2015",
            0,
          ],
          [
            "Mar 20, 2015",
            0,
          ],
          [
            "Mar 21, 2015",
            0,
          ],
          [
            "Mar 22, 2015",
            0,
          ],
          [
            "Mar 23, 2015",
            0,
          ],
          [
            "Mar 24, 2015",
            0,
          ],
          [
            "Mar 25, 2015",
            0,
          ],
          [
            "Mar 26, 2015",
            0,
          ],
          [
            "Mar 27, 2015",
            0,
          ],
          [
            "Mar 28, 2015",
            0,
          ],
          [
            "Mar 29, 2015",
            0,
          ],
          [
            "Mar 30, 2015",
            0,
          ],
          [
            "Mar 31, 2015",
            0,
          ],
          [
            "Apr 01, 2015",
            0,
          ],
          [
            "Apr 02, 2015",
            0,
          ],
          [
            "Apr 03, 2015",
            0,
          ],
          [
            "Apr 04, 2015",
            0,
          ],
          [
            "Apr 05, 2015",
            0,
          ],
          [
            "Apr 06, 2015",
            0,
          ],
          [
            "Apr 07, 2015",
            0,
          ],
          [
            "Apr 08, 2015",
            0,
          ],
          [
            "Apr 09, 2015",
            0,
          ],
          [
            "Apr 10, 2015",
            0,
          ],
          [
            "Apr 11, 2015",
            0,
          ],
          [
            "Apr 12, 2015",
            0,
          ],
          [
            "Apr 13, 2015",
            0,
          ],
          [
            "Apr 14, 2015",
            0,
          ],
          [
            "Apr 15, 2015",
            0,
          ],
          [
            "Apr 16, 2015",
            0,
          ],
          [
            "Apr 17, 2015",
            0,
          ],
          [
            "Apr 18, 2015",
            0,
          ],
          [
            "Apr 19, 2015",
            0,
          ],
          [
            "Apr 20, 2015",
            0,
          ],
          [
            "Apr 21, 2015",
            0,
          ],
          [
            "Apr 22, 2015",
            0,
          ],
          [
            "Apr 23, 2015",
            0,
          ],
          [
            "Apr 24, 2015",
            0,
          ],
          [
            "Apr 25, 2015",
            0,
          ],
          [
            "Apr 26, 2015",
            0,
          ],
          [
            "Apr 27, 2015",
            0,
          ],
          [
            "Apr 28, 2015",
            0,
          ],
          [
            "Apr 29, 2015",
            0,
          ],
          [
            "Apr 30, 2015",
            0,
          ],
          [
            "May 01, 2015",
            0,
          ],
          [
            "May 02, 2015",
            0,
          ],
          [
            "May 03, 2015",
            0,
          ],
          [
            "May 04, 2015",
            0,
          ],
          [
            "May 05, 2015",
            0,
          ],
          [
            "May 06, 2015",
            0,
          ],
          [
            "May 07, 2015",
            0,
          ],
          [
            "May 08, 2015",
            0,
          ],
          [
            "May 09, 2015",
            0,
          ],
          [
            "May 10, 2015",
            0,
          ],
          [
            "May 11, 2015",
            0,
          ],
          [
            "May 12, 2015",
            0,
          ],
          [
            "May 13, 2015",
            0,
          ],
          [
            "May 14, 2015",
            0,
          ],
          [
            "May 15, 2015",
            0,
          ],
          [
            "May 16, 2015",
            0,
          ],
          [
            "May 17, 2015",
            0,
          ],
          [
            "May 18, 2015",
            0,
          ],
          [
            "May 19, 2015",
            0,
          ],
          [
            "May 20, 2015",
            0,
          ],
          [
            "May 21, 2015",
            0,
          ],
          [
            "May 22, 2015",
            0,
          ],
          [
            "May 23, 2015",
            0,
          ],
          [
            "May 24, 2015",
            0,
          ],
          [
            "May 25, 2015",
            0,
          ],
          [
            "May 26, 2015",
            0,
          ],
          [
            "May 27, 2015",
            0,
          ],
          [
            "May 28, 2015",
            0,
          ],
          [
            "May 29, 2015",
            0,
          ],
          [
            "May 30, 2015",
            0,
          ],
          [
            "May 31, 2015",
            0,
          ],
          [
            "Jun 01, 2015",
            0,
          ],
          [
            "Jun 02, 2015",
            0,
          ],
          [
            "Jun 03, 2015",
            0,
          ],
          [
            "Jun 04, 2015",
            0,
          ],
          [
            "Jun 05, 2015",
            0,
          ],
          [
            "Jun 06, 2015",
            0,
          ],
          [
            "Jun 07, 2015",
            0,
          ],
          [
            "Jun 08, 2015",
            0,
          ],
          [
            "Jun 09, 2015",
            0,
          ],
          [
            "Jun 10, 2015",
            0,
          ],
          [
            "Jun 11, 2015",
            0,
          ],
          [
            "Jun 12, 2015",
            0,
          ],
          [
            "Jun 13, 2015",
            0,
          ],
          [
            "Jun 14, 2015",
            0,
          ],
          [
            "Jun 15, 2015",
            0,
          ],
          [
            "Jun 16, 2015",
            0,
          ],
          [
            "Jun 17, 2015",
            0,
          ],
          [
            "Jun 18, 2015",
            0,
          ],
          [
            "Jun 19, 2015",
            0,
          ],
          [
            "Jun 20, 2015",
            0,
          ],
          [
            "Jun 21, 2015",
            0,
          ],
          [
            "Jun 22, 2015",
            0,
          ],
          [
            "Jun 23, 2015",
            0,
          ],
          [
            "Jun 24, 2015",
            0,
          ],
          [
            "Jun 25, 2015",
            0,
          ],
          [
            "Jun 26, 2015",
            0,
          ],
          [
            "Jun 27, 2015",
            0,
          ],
          [
            "Jun 28, 2015",
            0,
          ],
          [
            "Jun 29, 2015",
            0,
          ],
          [
            "Jun 30, 2015",
            0,
          ],
          [
            "Jul 01, 2015",
            0,
          ],
          [
            "Jul 02, 2015",
            0,
          ],
          [
            "Jul 03, 2015",
            0,
          ],
        ],
        "name": "Average (last 180d)",
      },
    ],
    "endDate": 2015-07-04T00:00:00.000Z,
    "id": "LAST_180_DAYS",
    "range": "Jan 05, 2015 - Jul 03, 2015",
    "requestParams": {
      "end_date": "2015-07-04T00:00:00+0000",
      "interval": "daily",
      "per_page": 100,
      "start_date": "2015-01-05T00:00:00+0000",
    },
    "startDate": 2015-01-05T00:00:00.000Z,
    "title": "Last 180 days",
  },
]
`;
