// Jest Snapshot v1, https://goo.gl/fbAQLP

exports[`StreamItem Group http StreamItem when an item has event filters renders a popover 1`] = `
<div
  class="gl-popover"
  data-testid="filter-popover"
>
  Destination has filters applied.
  <a
    class="gl-link"
    href="/help/user/compliance/audit_event_streaming#update-event-filters"
    rel="noopener noreferrer"
    target="_blank"
  >
    What are filters?
  </a>
</div>
`;

exports[`StreamItem Group http StreamItem when an item has namespace filters renders a popover 1`] = `
<div
  class="gl-popover"
  data-testid="filter-popover"
>
  Destination has filters applied.
  <a
    class="gl-link"
    href="/help/user/compliance/audit_event_streaming#update-event-filters"
    rel="noopener noreferrer"
    target="_blank"
  >
    What are filters?
  </a>
</div>
`;
