// Jest Snapshot v1, https://goo.gl/fbAQLP

exports[`IterationDropdown default shows gl-dropdown 1`] = `
<gl-collapsible-listbox-stub
  block="true"
  category="primary"
  headertext="Select Iteration"
  icon=""
  ischeckcentered="true"
  items="[object Object]"
  noresultstext="No results found"
  placement="bottom-start"
  positioningstrategy="absolute"
  resetbuttonlabel=""
  searchable="true"
  searchplaceholder="Search"
  selected=""
  showselectallbuttonlabel=""
  size="medium"
  sronlyresultslabel="[Function]"
  toggleclass="gl-w-full"
  toggletext="Select iteration"
  variant="default"
/>
`;
